// Jest Snapshot v1, https://goo.gl/fbAQLP

exports[`<Pagination /> when there are items for more than one page should match the snapshot 1`] = `
<div>
  <list>
    <item
      key="1"
    >
      1
    </item>
    <item
      key="2"
    >
      2
    </item>
    <item
      key="3"
    >
      3
    </item>
    <item
      key="4"
    >
      4
    </item>
    <item
      key="5"
    >
      5
    </item>
    <item
      key="6"
    >
      6
    </item>
    <item
      key="7"
    >
      7
    </item>
    <item
      key="8"
    >
      8
    </item>
    <item
      key="9"
    >
      9
    </item>
    <item
      key="10"
    >
      10
    </item>
  </list>
  <Pagination__Controls>
    <withProps(IconButton)
      direction="left"
      disabled={true}
      onClick={[Function]}
    />
    <withProps(IconButton)
      direction="right"
      disabled={false}
      onClick={[Function]}
    />
    <Pagination__Pages>
      1
       
      <FormattedMessage
        defaultMessage="of"
        id="app.components.Pagination.of"
        values={Object {}}
      />
       
      2
    </Pagination__Pages>
  </Pagination__Controls>
</div>
`;

exports[`<Pagination /> when there are items for only one page should match the snapshot 1`] = `
<div>
  <list>
    <item>
      1
    </item>
    <item>
      2
    </item>
    <item>
      3
    </item>
  </list>
</div>
`;

exports[`<Pagination /> when there is 0 items should match the snapshot 1`] = `
<div>
  <list />
</div>
`;
