// Jest Snapshot v1, https://goo.gl/fbAQLP

exports[`<Pagination /> when there are items for only one page should match the snapshot 1`] = `
<list>
  <item>
    1
  </item>
  <item>
    2
  </item>
  <item>
    3
  </item>
</list>
`;

exports[`<Pagination /> when there is 0 items should match the snapshot 1`] = `<list />`;
