// Jest Snapshot v1, https://goo.gl/fbAQLP

exports[`Feature: containers/Auth/wrapper Background: Scenario: Rendering the wrapped component when the user is authenticated Given storage has current auth data When the component tree is mounted Then the rendered markup should match the snapshot 1`] = `
<h1>
  home
</h1>
`;

exports[`Feature: containers/Auth/wrapper Background: Scenario: Waiting for authentication, showing error and retrying Given storage has stale auth data Given refreshTokens request is expected When the component tree is mounted Then the rendered markup should match the snapshot 1`] = `
<component-working>
  <span>
    Authenticating...
  </span>
</component-working>
`;

exports[`Feature: containers/Auth/wrapper Background: Scenario: Waiting for authentication, showing error and retrying Given storage has stale auth data Given refreshTokens request is expected When the component tree is mounted When refreshTokens request fails with 500 Then the rendered markup should match the snapshot 1`] = `
<component-error>
  <prop-headline>
    <span>
      Authentication error
    </span>
  </prop-headline>
  <prop-detail>
    <span>
      <span>
        Something went wrong. Try again.
      </span>
      <component-raised-button
        style="margin-left: 1em;"
      >
        <prop-label>
          <span>
            Retry
          </span>
        </prop-label>
      </component-raised-button>
    </span>
  </prop-detail>
</component-error>
`;
