// Vitest Snapshot v1, https://vitest.dev/guide/snapshot.html

exports[`utils/BucketPreferences > parse > Actions = false disables all actions 1`] = `
{
  "copyPackage": false,
  "createPackage": false,
  "deleteRevision": false,
  "downloadObject": false,
  "downloadPackage": false,
  "openInDesktop": false,
  "revisePackage": false,
  "writeFile": false,
}
`;
